cells [(9, 2)]  worker 1/3: 3 configs
...breaking at iteration 1489 out of 3000 (best cost improved by 0.000e+00 < 1.0e-08 over the last 300 steps)
...breaking at iteration 1529 out of 3000 (best cost improved by 0.000e+00 < 1.0e-08 over the last 300 steps)
Etas: req = 0.5 	 gua = 0.5 	 eff_ex = 1.0
L1   v=542 s=31337:  AR=0.9636 (blind 0.7488)  cost=-0.70019468  eta=1.0000  [563s]
...breaking at iteration 1829 out of 3000 (best cost improved by 0.000e+00 < 1.0e-08 over the last 300 steps)
...breaking at iteration 1079 out of 3000 (best cost improved by 0.000e+00 < 1.0e-08 over the last 300 steps)
Etas: req = 0.5 	 gua = 0.5 	 eff_ex = 1.0
star v=742 s=31337:  AR=0.8478 (blind 0.6462)  cost=-0.69983326  eta=1.0000  [455s]
...breaking at iteration 1179 out of 3000 (best cost improved by 0.000e+00 < 1.0e-08 over the last 300 steps)
Etas: req = 0.5 	 gua = 0.5 	 eff_ex = 1.0
L1   v=842 s=31337:  AR=0.7578 (blind 0.6846)  cost=-0.70016414  eta=1.0000  [637s]
worker 1 done
cells [(12, 3)]  worker 1/3: 3 configs
...breaking at iteration 1579 out of 3000 (best cost improved by 0.000e+00 < 1.0e-08 over the last 300 steps)
...breaking at iteration 1159 out of 3000 (best cost improved by 0.000e+00 < 1.0e-08 over the last 300 steps)
...breaking at iteration 1139 out of 3000 (best cost improved by 0.000e+00 < 1.0e-08 over the last 300 steps)
Etas: req = 0.5 	 gua = 0.5 	 eff_ex = 1.0
L1   v=542 s=    7:  AR=0.8051 (blind 0.6795)  cost=-1.75008817  eta=1.0000  [1335s]
...breaking at iteration 2119 out of 3000 (best cost improved by 0.000e+00 < 1.0e-08 over the last 300 steps)
...breaking at iteration 839 out of 3000 (best cost improved by 0.000e+00 < 1.0e-08 over the last 300 steps)
Etas: req = 0.5 	 gua = 0.5 	 eff_ex = 1.0
star v=742 s=    7:  AR=0.8224 (blind 0.5971)  cost=-1.74945295  eta=1.0000  [1388s]
...breaking at iteration 1589 out of 3000 (best cost improved by 0.000e+00 < 1.0e-08 over the last 300 steps)
...breaking at iteration 1479 out of 3000 (best cost improved by 0.000e+00 < 1.0e-08 over the last 300 steps)
...breaking at iteration 829 out of 3000 (best cost improved by 0.000e+00 < 1.0e-08 over the last 300 steps)
Etas: req = 0.5 	 gua = 0.5 	 eff_ex = 0.999
L1   v=842 s=    7:  AR=0.5727 (blind 0.5311)  cost=-1.75008436  eta=0.9992  [940s]
worker 1 done
