worker 5/14: 9 configs
test_PO_bits_6_vseed_242_layers_1_etareq_0.5.txt [L1] exists, skipping
Etas: req = 0.5 	 gua = 0.5 	 eff_ex = 1.0
L1   n= 6 p=1 v=942:  M=    288.1  share=2.11e-04  P_feas=1.0000  eta=0.9998  gap=0.8798  [174s]
...breaking at iteration 1559 out of 3000 (best cost improved by 0.000e+00 < 1.0e-08 over the last 300 steps)
Etas: req = 0.5 	 gua = 0.5 	 eff_ex = 0.497
L1   n=15 p=1 v=642:  M=     3661  share=5.52e-05  P_feas=0.6027  eta=0.4972  gap=0.8798  [1539s]
test_PO_bits_6_vseed_342_layers_2_etareq_0.5.txt [L1] exists, skipping
test_PO_bits_6_vseed_42_layers_3_etareq_0.5.txt [L1] exists, skipping
...breaking at iteration 2729 out of 3000 (best cost improved by 3.795e-09 < 1.0e-08 over the last 300 steps)
Etas: req = 0.5 	 gua = 0.5 	 eff_ex = 1.0
L1   n= 6 p=3 v=742:  M=     25.2  share=2.22e-03  P_feas=1.0000  eta=1.0000  gap=0.6014  [860s]
test_PO_bits_15_vseed_442_layers_2_etareq_0.5.txt [L1] exists, skipping
test_PO_bits_15_vseed_142_layers_3_etareq_0.5.txt [L1] exists, skipping
...breaking at iteration 1439 out of 3000 (best cost improved by 0.000e+00 < 1.0e-08 over the last 300 steps)
...breaking at iteration 2049 out of 3000 (best cost improved by 0.000e+00 < 1.0e-08 over the last 300 steps)
...breaking at iteration 859 out of 3000 (best cost improved by 0.000e+00 < 1.0e-08 over the last 300 steps)
Etas: req = 0.5 	 gua = 0.5 	 eff_ex = 0.811
L1   n=15 p=3 v=842:  M=     1186  share=9.78e-05  P_feas=0.8750  eta=0.8112  gap=0.9226  [6057s]
worker 5 done, 143.8 min
