worker 1/14: 9 configs
test_PO_bits_6_vseed_42_layers_1_etareq_0.5.txt [L1] exists, skipping
...breaking at iteration 2859 out of 3000 (best cost improved by 0.000e+00 < 1.0e-08 over the last 300 steps)
Etas: req = 0.5 	 gua = 0.5 	 eff_ex = 1.0
L1   n= 6 p=1 v=742:  M=    67.77  share=8.24e-04  P_feas=1.0000  eta=0.9996  gap=0.9177  [173s]
test_PO_bits_15_vseed_442_layers_1_etareq_0.5.txt [L1] exists, skipping
test_PO_bits_6_vseed_142_layers_2_etareq_0.5.txt [L1] exists, skipping
...breaking at iteration 1379 out of 3000 (best cost improved by 0.000e+00 < 1.0e-08 over the last 300 steps)
...breaking at iteration 2049 out of 3000 (best cost improved by 0.000e+00 < 1.0e-08 over the last 300 steps)
Etas: req = 0.5 	 gua = 0.5 	 eff_ex = 0.992
L1   n= 6 p=2 v=842:  M=    84.24  share=2.09e-04  P_feas=1.0000  eta=0.9924  gap=0.8827  [293s]
...breaking at iteration 1629 out of 3000 (best cost improved by 0.000e+00 < 1.0e-08 over the last 300 steps)
...breaking at iteration 2779 out of 3000 (best cost improved by 0.000e+00 < 1.0e-08 over the last 300 steps)
Etas: req = 0.5 	 gua = 0.5 	 eff_ex = 1.0
L1   n= 6 p=3 v=542:  M=    25.95  share=6.96e-04  P_feas=1.0000  eta=1.0000  gap=0.5522  [723s]
test_PO_bits_15_vseed_242_layers_2_etareq_0.5.txt [L1] exists, skipping
...breaking at iteration 1369 out of 3000 (best cost improved by 0.000e+00 < 1.0e-08 over the last 300 steps)
...breaking at iteration 1029 out of 3000 (best cost improved by 0.000e+00 < 1.0e-08 over the last 300 steps)
Etas: req = 0.5 	 gua = 0.5 	 eff_ex = 0.562
L1   n=15 p=2 v=942:  M=     2905  share=7.45e-05  P_feas=0.7500  eta=0.5616  gap=1.0471  [2803s]
...breaking at iteration 2139 out of 3000 (best cost improved by 0.000e+00 < 1.0e-08 over the last 300 steps)
...breaking at iteration 1929 out of 3000 (best cost improved by 0.000e+00 < 1.0e-08 over the last 300 steps)
...breaking at iteration 1299 out of 3000 (best cost improved by 0.000e+00 < 1.0e-08 over the last 300 steps)
Etas: req = 0.5 	 gua = 0.5 	 eff_ex = 1.0
L1   n=15 p=3 v=642:  M=     1240  share=1.63e-04  P_feas=1.0000  eta=1.0000  gap=0.7535  [6947s]
worker 1 done, 182.3 min
