worker 3/14: 9 configs
test_PO_bits_6_vseed_142_layers_1_etareq_0.5.txt [L1] exists, skipping
...breaking at iteration 1389 out of 3000 (best cost improved by 0.000e+00 < 1.0e-08 over the last 300 steps)
Etas: req = 0.5 	 gua = 0.5 	 eff_ex = 0.954
L1   n= 6 p=1 v=842:  M=    162.4  share=1.08e-04  P_feas=1.0000  eta=0.9540  gap=0.9231  [80s]
...breaking at iteration 1529 out of 3000 (best cost improved by 0.000e+00 < 1.0e-08 over the last 300 steps)
Etas: req = 0.5 	 gua = 0.5 	 eff_ex = 0.459
L1   n=15 p=1 v=542:  M=     3103  share=1.59e-05  P_feas=0.6028  eta=0.4587  gap=0.8473  [1520s]
test_PO_bits_6_vseed_242_layers_2_etareq_0.5.txt [L1] exists, skipping
...breaking at iteration 909 out of 3000 (best cost improved by 1.588e-09 < 1.0e-08 over the last 300 steps)
Etas: req = 0.5 	 gua = 0.5 	 eff_ex = 1.0
L1   n= 6 p=2 v=942:  M=    149.5  share=4.07e-04  P_feas=1.0000  eta=0.9999  gap=0.8792  [267s]
...breaking at iteration 1339 out of 3000 (best cost improved by 0.000e+00 < 1.0e-08 over the last 300 steps)
Etas: req = 0.5 	 gua = 0.5 	 eff_ex = 1.0
L1   n= 6 p=3 v=642:  M=    61.13  share=2.10e-03  P_feas=1.0000  eta=0.9999  gap=0.4968  [644s]
test_PO_bits_15_vseed_342_layers_2_etareq_0.5.txt [L1] exists, skipping
test_PO_bits_15_vseed_42_layers_3_etareq_0.5.txt [L1] exists, skipping
...breaking at iteration 1379 out of 3000 (best cost improved by 0.000e+00 < 1.0e-08 over the last 300 steps)
...breaking at iteration 2549 out of 3000 (best cost improved by 0.000e+00 < 1.0e-08 over the last 300 steps)
...breaking at iteration 1139 out of 3000 (best cost improved by 0.000e+00 < 1.0e-08 over the last 300 steps)
Etas: req = 0.5 	 gua = 0.5 	 eff_ex = 0.745
L1   n=15 p=3 v=742:  M=     1170  share=1.55e-04  P_feas=1.0000  eta=0.7447  gap=0.8744  [6979s]
worker 3 done, 158.2 min
