worker 0/14: 9 configs
test_PO_bits_6_vseed_42_layers_1_etareq_0.5.txt [star] exists, skipping
...breaking at iteration 2669 out of 3000 (best cost improved by 4.694e-09 < 1.0e-08 over the last 300 steps)
Etas: req = 0.5 	 gua = 0.5 	 eff_ex = 1.0
star n= 6 p=1 v=742:  M=    12.64  share=4.42e-03  P_feas=1.0000  eta=1.0000  gap=0.9174  [153s]
test_PO_bits_15_vseed_442_layers_1_etareq_0.5.txt [star] exists, skipping
test_PO_bits_6_vseed_142_layers_2_etareq_0.5.txt [star] exists, skipping
...breaking at iteration 2909 out of 3000 (best cost improved by 0.000e+00 < 1.0e-08 over the last 300 steps)
Etas: req = 0.5 	 gua = 0.5 	 eff_ex = 0.998
star n= 6 p=2 v=842:  M=    16.93  share=1.04e-03  P_feas=1.0000  eta=0.9981  gap=0.4187  [460s]
...breaking at iteration 2599 out of 3000 (best cost improved by 5.554e-10 < 1.0e-08 over the last 300 steps)
...breaking at iteration 2269 out of 3000 (best cost improved by 0.000e+00 < 1.0e-08 over the last 300 steps)
Etas: req = 0.5 	 gua = 0.5 	 eff_ex = 1.0
star n= 6 p=3 v=542:  M=    5.408  share=3.34e-03  P_feas=1.0000  eta=1.0000  gap=0.2619  [781s]
test_PO_bits_15_vseed_242_layers_2_etareq_0.5.txt [star] exists, skipping
...breaking at iteration 1999 out of 3000 (best cost improved by 0.000e+00 < 1.0e-08 over the last 300 steps)
...breaking at iteration 1209 out of 3000 (best cost improved by 0.000e+00 < 1.0e-08 over the last 300 steps)
Etas: req = 0.5 	 gua = 0.5 	 eff_ex = 0.75
star n=15 p=2 v=942:  M=    379.7  share=5.70e-04  P_feas=1.0000  eta=0.7500  gap=1.1187  [4006s]
...breaking at iteration 2059 out of 3000 (best cost improved by 0.000e+00 < 1.0e-08 over the last 300 steps)
...breaking at iteration 2569 out of 3000 (best cost improved by 0.000e+00 < 1.0e-08 over the last 300 steps)
...breaking at iteration 819 out of 3000 (best cost improved by 4.338e-09 < 1.0e-08 over the last 300 steps)
Etas: req = 0.5 	 gua = 0.5 	 eff_ex = 1.0
star n=15 p=3 v=642:  M=    165.9  share=1.22e-03  P_feas=0.9999  eta=0.9999  gap=0.7192  [6176s]
worker 0 done, 192.9 min
