worker 2/14: 9 configs
test_PO_bits_6_vseed_142_layers_1_etareq_0.5.txt [star] exists, skipping
Etas: req = 0.5 	 gua = 0.5 	 eff_ex = 1.0
star n= 6 p=1 v=842:  M=    30.95  share=5.68e-04  P_feas=1.0000  eta=1.0000  gap=0.8783  [177s]
...breaking at iteration 1339 out of 3000 (best cost improved by 0.000e+00 < 1.0e-08 over the last 300 steps)
Etas: req = 0.5 	 gua = 0.5 	 eff_ex = 0.46
star n=15 p=1 v=542:  M=    404.6  share=1.22e-04  P_feas=0.6035  eta=0.4603  gap=0.8453  [1343s]
test_PO_bits_6_vseed_242_layers_2_etareq_0.5.txt [star] exists, skipping
Etas: req = 0.5 	 gua = 0.5 	 eff_ex = 1.0
star n= 6 p=2 v=942:  M=    29.29  share=2.08e-03  P_feas=1.0000  eta=1.0000  gap=0.4847  [467s]
...breaking at iteration 2609 out of 3000 (best cost improved by 0.000e+00 < 1.0e-08 over the last 300 steps)
...breaking at iteration 2459 out of 3000 (best cost improved by 0.000e+00 < 1.0e-08 over the last 300 steps)
Etas: req = 0.5 	 gua = 0.5 	 eff_ex = 1.0
star n= 6 p=3 v=642:  M=       10  share=1.28e-02  P_feas=1.0000  eta=1.0000  gap=0.2201  [768s]
test_PO_bits_15_vseed_342_layers_2_etareq_0.5.txt [star] exists, skipping
test_PO_bits_15_vseed_42_layers_3_etareq_0.5.txt [star] exists, skipping
...breaking at iteration 1429 out of 3000 (best cost improved by 0.000e+00 < 1.0e-08 over the last 300 steps)
...breaking at iteration 2029 out of 3000 (best cost improved by 0.000e+00 < 1.0e-08 over the last 300 steps)
...breaking at iteration 1159 out of 3000 (best cost improved by 0.000e+00 < 1.0e-08 over the last 300 steps)
Etas: req = 0.5 	 gua = 0.5 	 eff_ex = 0.747
star n=15 p=3 v=742:  M=    153.9  share=1.18e-03  P_feas=0.8750  eta=0.7472  gap=0.8652  [6152s]
worker 2 done, 148.5 min
