worker 6/14: 9 configs
test_PO_bits_6_vseed_342_layers_1_etareq_0.5.txt [star] exists, skipping
test_PO_bits_15_vseed_42_layers_1_etareq_0.5.txt [star] exists, skipping
...breaking at iteration 1309 out of 3000 (best cost improved by 0.000e+00 < 1.0e-08 over the last 300 steps)
Etas: req = 0.5 	 gua = 0.5 	 eff_ex = 0.459
star n=15 p=1 v=742:  M=    458.3  share=3.96e-04  P_feas=0.6032  eta=0.4591  gap=0.9742  [1296s]
test_PO_bits_6_vseed_442_layers_2_etareq_0.5.txt [star] exists, skipping
test_PO_bits_6_vseed_142_layers_3_etareq_0.5.txt [star] exists, skipping
...breaking at iteration 2779 out of 3000 (best cost improved by 0.000e+00 < 1.0e-08 over the last 300 steps)
Etas: req = 0.5 	 gua = 0.5 	 eff_ex = 0.999
star n= 6 p=3 v=842:  M=     11.9  share=1.48e-03  P_feas=1.0000  eta=0.9995  gap=0.3361  [834s]
...breaking at iteration 1759 out of 3000 (best cost improved by 0.000e+00 < 1.0e-08 over the last 300 steps)
...breaking at iteration 1109 out of 3000 (best cost improved by 0.000e+00 < 1.0e-08 over the last 300 steps)
Etas: req = 0.5 	 gua = 0.5 	 eff_ex = 0.75
star n=15 p=2 v=542:  M=    202.6  share=2.44e-04  P_feas=1.0000  eta=0.7503  gap=0.8763  [3657s]
test_PO_bits_15_vseed_242_layers_3_etareq_0.5.txt [star] exists, skipping
...breaking at iteration 1779 out of 3000 (best cost improved by 0.000e+00 < 1.0e-08 over the last 300 steps)
...breaking at iteration 1049 out of 3000 (best cost improved by 0.000e+00 < 1.0e-08 over the last 300 steps)
...breaking at iteration 1109 out of 3000 (best cost improved by 0.000e+00 < 1.0e-08 over the last 300 steps)
Etas: req = 0.5 	 gua = 0.5 	 eff_ex = 1.0
star n=15 p=3 v=942:  M=      254  share=8.52e-04  P_feas=1.0000  eta=0.9996  gap=0.8215  [4650s]
worker 6 done, 174.0 min
