worker 9/14: 8 configs
test_PO_bits_6_vseed_442_layers_1_etareq_0.5.txt [L1] exists, skipping
test_PO_bits_15_vseed_142_layers_1_etareq_0.5.txt [L1] exists, skipping
...breaking at iteration 1369 out of 3000 (best cost improved by 0.000e+00 < 1.0e-08 over the last 300 steps)
Etas: req = 0.5 	 gua = 0.5 	 eff_ex = 0.553
L1   n=15 p=1 v=842:  M=     3518  share=3.30e-05  P_feas=0.6033  eta=0.5528  gap=0.9577  [1348s]
...breaking at iteration 2959 out of 3000 (best cost improved by 6.641e-09 < 1.0e-08 over the last 300 steps)
...breaking at iteration 1079 out of 3000 (best cost improved by 0.000e+00 < 1.0e-08 over the last 300 steps)
Etas: req = 0.5 	 gua = 0.5 	 eff_ex = 0.999
L1   n= 6 p=2 v=542:  M=    37.56  share=4.81e-04  P_feas=1.0000  eta=0.9991  gap=0.8520  [280s]
test_PO_bits_6_vseed_242_layers_3_etareq_0.5.txt [L1] exists, skipping
...breaking at iteration 2999 out of 3000 (best cost improved by 6.021e-09 < 1.0e-08 over the last 300 steps)
...breaking at iteration 1439 out of 3000 (best cost improved by 0.000e+00 < 1.0e-08 over the last 300 steps)
Etas: req = 0.5 	 gua = 0.5 	 eff_ex = 1.0
L1   n= 6 p=3 v=942:  M=    103.3  share=5.90e-04  P_feas=1.0000  eta=1.0000  gap=0.6388  [641s]
...breaking at iteration 1379 out of 3000 (best cost improved by 0.000e+00 < 1.0e-08 over the last 300 steps)
...breaking at iteration 1679 out of 3000 (best cost improved by 0.000e+00 < 1.0e-08 over the last 300 steps)
Etas: req = 0.5 	 gua = 0.5 	 eff_ex = 0.754
L1   n=15 p=2 v=642:  M=     1845  share=1.10e-04  P_feas=0.9998  eta=0.7542  gap=0.9008  [4206s]
test_PO_bits_15_vseed_342_layers_3_etareq_0.5.txt [L1] exists, skipping
worker 9 done, 107.9 min
