worker 1/7: 17 configs
test_PO_bits_9_vseed_42_layers_1_etareq_0.5.txt [L1] exists, skipping
test_PO_bits_9_vseed_442_layers_1_etareq_0.5.txt [star] exists, skipping
...breaking at iteration 1599 out of 3000 (best cost improved by 0.000e+00 < 1.0e-08 over the last 300 steps)
Etas: req = 0.5 	 gua = 0.5 	 eff_ex = 1.0
L1   n= 9 p=1 v=742:  M=    308.6  share=3.40e-04  P_feas=1.0000  eta=1.0000  gap=0.5104  [250s]
test_PO_bits_12_vseed_142_layers_1_etareq_0.5.txt [star] exists, skipping
test_PO_bits_12_vseed_442_layers_1_etareq_0.5.txt [L1] exists, skipping
...breaking at iteration 1429 out of 3000 (best cost improved by 0.000e+00 < 1.0e-08 over the last 300 steps)
Etas: req = 0.5 	 gua = 0.5 	 eff_ex = 0.592
star n=12 p=1 v=842:  M=    244.6  share=3.19e-04  P_feas=0.5915  eta=0.5915  gap=0.7139  [468s]
test_PO_bits_9_vseed_142_layers_2_etareq_0.5.txt [L1] exists, skipping
...breaking at iteration 1429 out of 3000 (best cost improved by 0.000e+00 < 1.0e-08 over the last 300 steps)
...breaking at iteration 969 out of 3000 (best cost improved by 0.000e+00 < 1.0e-08 over the last 300 steps)
Etas: req = 0.5 	 gua = 0.5 	 eff_ex = 0.75
star n= 9 p=2 v=542:  M=    27.63  share=7.30e-04  P_feas=1.0000  eta=0.7500  gap=0.7988  [389s]
...breaking at iteration 1459 out of 3000 (best cost improved by 0.000e+00 < 1.0e-08 over the last 300 steps)
...breaking at iteration 829 out of 3000 (best cost improved by 0.000e+00 < 1.0e-08 over the last 300 steps)
Etas: req = 0.5 	 gua = 0.5 	 eff_ex = 1.0
L1   n= 9 p=2 v=842:  M=    309.4  share=1.15e-04  P_feas=1.0000  eta=1.0000  gap=0.5495  [356s]
test_PO_bits_12_vseed_242_layers_2_etareq_0.5.txt [star] exists, skipping
...breaking at iteration 1399 out of 3000 (best cost improved by 0.000e+00 < 1.0e-08 over the last 300 steps)
...breaking at iteration 1069 out of 3000 (best cost improved by 0.000e+00 < 1.0e-08 over the last 300 steps)
Etas: req = 0.5 	 gua = 0.5 	 eff_ex = 0.75
L1   n=12 p=2 v=542:  M=    579.1  share=6.08e-05  P_feas=0.7500  eta=0.7500  gap=0.2945  [844s]
...breaking at iteration 1429 out of 3000 (best cost improved by 0.000e+00 < 1.0e-08 over the last 300 steps)
...breaking at iteration 1059 out of 3000 (best cost improved by 4.573e-09 < 1.0e-08 over the last 300 steps)
Etas: req = 0.5 	 gua = 0.5 	 eff_ex = 0.75
star n=12 p=2 v=942:  M=    233.2  share=5.41e-04  P_feas=0.7500  eta=0.7500  gap=0.8540  [743s]
test_PO_bits_9_vseed_242_layers_3_etareq_0.5.txt [L1] exists, skipping
...breaking at iteration 1379 out of 3000 (best cost improved by 7.030e-12 < 1.0e-08 over the last 300 steps)
...breaking at iteration 899 out of 3000 (best cost improved by 0.000e+00 < 1.0e-08 over the last 300 steps)
...breaking at iteration 659 out of 3000 (best cost improved by 2.844e-09 < 1.0e-08 over the last 300 steps)
Etas: req = 0.5 	 gua = 0.5 	 eff_ex = 0.75
star n= 9 p=3 v=642:  M=    36.72  share=3.49e-03  P_feas=1.0000  eta=0.7502  gap=1.0459  [267s]
...breaking at iteration 1439 out of 3000 (best cost improved by 0.000e+00 < 1.0e-08 over the last 300 steps)
...breaking at iteration 889 out of 3000 (best cost improved by 0.000e+00 < 1.0e-08 over the last 300 steps)
...breaking at iteration 729 out of 3000 (best cost improved by 0.000e+00 < 1.0e-08 over the last 300 steps)
Etas: req = 0.5 	 gua = 0.5 	 eff_ex = 1.0
L1   n= 9 p=3 v=942:  M=    337.9  share=3.73e-04  P_feas=1.0000  eta=1.0000  gap=0.5174  [309s]
test_PO_bits_12_vseed_342_layers_3_etareq_0.5.txt [star] exists, skipping
...breaking at iteration 1409 out of 3000 (best cost improved by 0.000e+00 < 1.0e-08 over the last 300 steps)
...breaking at iteration 1089 out of 3000 (best cost improved by 0.000e+00 < 1.0e-08 over the last 300 steps)
...breaking at iteration 1299 out of 3000 (best cost improved by 0.000e+00 < 1.0e-08 over the last 300 steps)
Etas: req = 0.5 	 gua = 0.5 	 eff_ex = 1.0
L1   n=12 p=3 v=642:  M=    462.2  share=2.83e-04  P_feas=1.0000  eta=1.0000  gap=0.7702  [1050s]
worker 1 done, 77.9 min
