worker 2/7: 17 configs
test_PO_bits_9_vseed_142_layers_1_etareq_0.5.txt [star] exists, skipping
test_PO_bits_9_vseed_442_layers_1_etareq_0.5.txt [L1] exists, skipping
...breaking at iteration 1729 out of 3000 (best cost improved by 0.000e+00 < 1.0e-08 over the last 300 steps)
Etas: req = 0.5 	 gua = 0.5 	 eff_ex = 1.0
star n= 9 p=1 v=842:  M=    122.7  share=2.90e-04  P_feas=1.0000  eta=1.0000  gap=0.5495  [264s]
test_PO_bits_12_vseed_142_layers_1_etareq_0.5.txt [L1] exists, skipping
...breaking at iteration 1459 out of 3000 (best cost improved by 0.000e+00 < 1.0e-08 over the last 300 steps)
Etas: req = 0.5 	 gua = 0.5 	 eff_ex = 0.591
star n=12 p=1 v=542:  M=    186.1  share=1.89e-04  P_feas=0.5915  eta=0.5915  gap=0.2945  [479s]
...breaking at iteration 1569 out of 3000 (best cost improved by 0.000e+00 < 1.0e-08 over the last 300 steps)
Etas: req = 0.5 	 gua = 0.5 	 eff_ex = 0.592
L1   n=12 p=1 v=842:  M=     1551  share=5.03e-05  P_feas=0.5915  eta=0.5915  gap=0.7139  [510s]
test_PO_bits_9_vseed_242_layers_2_etareq_0.5.txt [star] exists, skipping
...breaking at iteration 1539 out of 3000 (best cost improved by 0.000e+00 < 1.0e-08 over the last 300 steps)
...breaking at iteration 919 out of 3000 (best cost improved by 0.000e+00 < 1.0e-08 over the last 300 steps)
Etas: req = 0.5 	 gua = 0.5 	 eff_ex = 0.75
L1   n= 9 p=2 v=542:  M=    148.8  share=1.36e-04  P_feas=1.0000  eta=0.7500  gap=0.7988  [405s]
...breaking at iteration 1649 out of 3000 (best cost improved by 0.000e+00 < 1.0e-08 over the last 300 steps)
...breaking at iteration 2689 out of 3000 (best cost improved by 0.000e+00 < 1.0e-08 over the last 300 steps)
Etas: req = 0.5 	 gua = 0.5 	 eff_ex = 0.999
star n= 9 p=2 v=942:  M=    91.81  share=1.37e-03  P_feas=1.0000  eta=0.9986  gap=0.9072  [705s]
test_PO_bits_12_vseed_242_layers_2_etareq_0.5.txt [L1] exists, skipping
...breaking at iteration 1429 out of 3000 (best cost improved by 0.000e+00 < 1.0e-08 over the last 300 steps)
...breaking at iteration 1029 out of 3000 (best cost improved by 0.000e+00 < 1.0e-08 over the last 300 steps)
Etas: req = 0.5 	 gua = 0.5 	 eff_ex = 0.75
star n=12 p=2 v=642:  M=    105.3  share=1.24e-03  P_feas=0.7500  eta=0.7500  gap=0.7566  [577s]
...breaking at iteration 1429 out of 3000 (best cost improved by 0.000e+00 < 1.0e-08 over the last 300 steps)
...breaking at iteration 1099 out of 3000 (best cost improved by 0.000e+00 < 1.0e-08 over the last 300 steps)
Etas: req = 0.5 	 gua = 0.5 	 eff_ex = 0.75
L1   n=12 p=2 v=942:  M=     1450  share=8.70e-05  P_feas=0.7500  eta=0.7500  gap=0.8540  [543s]
test_PO_bits_9_vseed_342_layers_3_etareq_0.5.txt [star] exists, skipping
...breaking at iteration 1759 out of 3000 (best cost improved by 0.000e+00 < 1.0e-08 over the last 300 steps)
...breaking at iteration 849 out of 3000 (best cost improved by 0.000e+00 < 1.0e-08 over the last 300 steps)
...breaking at iteration 709 out of 3000 (best cost improved by 0.000e+00 < 1.0e-08 over the last 300 steps)
Etas: req = 0.5 	 gua = 0.5 	 eff_ex = 0.75
L1   n= 9 p=3 v=642:  M=    196.5  share=6.53e-04  P_feas=1.0000  eta=0.7504  gap=1.0451  [316s]
test_PO_bits_12_vseed_42_layers_3_etareq_0.5.txt [star] exists, skipping
test_PO_bits_12_vseed_342_layers_3_etareq_0.5.txt [L1] exists, skipping
...breaking at iteration 1429 out of 3000 (best cost improved by 0.000e+00 < 1.0e-08 over the last 300 steps)
...breaking at iteration 1929 out of 3000 (best cost improved by 0.000e+00 < 1.0e-08 over the last 300 steps)
...breaking at iteration 729 out of 3000 (best cost improved by 0.000e+00 < 1.0e-08 over the last 300 steps)
Etas: req = 0.5 	 gua = 0.5 	 eff_ex = 0.998
star n=12 p=3 v=742:  M=    47.97  share=2.18e-03  P_feas=1.0000  eta=0.9981  gap=0.9438  [992s]
worker 2 done, 79.8 min
