worker 4/14: 9 configs
test_PO_bits_6_vseed_242_layers_1_etareq_0.5.txt [star] exists, skipping
Etas: req = 0.5 	 gua = 0.5 	 eff_ex = 1.0
star n= 6 p=1 v=942:  M=    54.67  share=1.11e-03  P_feas=1.0000  eta=1.0000  gap=0.8796  [185s]
...breaking at iteration 1509 out of 3000 (best cost improved by 0.000e+00 < 1.0e-08 over the last 300 steps)
Etas: req = 0.5 	 gua = 0.5 	 eff_ex = 0.603
star n=15 p=1 v=642:  M=      492  share=4.11e-04  P_feas=0.6031  eta=0.6031  gap=0.8778  [1491s]
test_PO_bits_6_vseed_342_layers_2_etareq_0.5.txt [star] exists, skipping
test_PO_bits_6_vseed_42_layers_3_etareq_0.5.txt [star] exists, skipping
...breaking at iteration 2489 out of 3000 (best cost improved by 0.000e+00 < 1.0e-08 over the last 300 steps)
...breaking at iteration 1129 out of 3000 (best cost improved by 0.000e+00 < 1.0e-08 over the last 300 steps)
Etas: req = 0.5 	 gua = 0.5 	 eff_ex = 1.0
star n= 6 p=3 v=742:  M=     4.63  share=1.20e-02  P_feas=1.0000  eta=0.9999  gap=0.5872  [559s]
test_PO_bits_15_vseed_442_layers_2_etareq_0.5.txt [star] exists, skipping
test_PO_bits_15_vseed_142_layers_3_etareq_0.5.txt [star] exists, skipping
...breaking at iteration 2039 out of 3000 (best cost improved by 0.000e+00 < 1.0e-08 over the last 300 steps)
...breaking at iteration 1229 out of 3000 (best cost improved by 0.000e+00 < 1.0e-08 over the last 300 steps)
...breaking at iteration 789 out of 3000 (best cost improved by 0.000e+00 < 1.0e-08 over the last 300 steps)
Etas: req = 0.5 	 gua = 0.5 	 eff_ex = 1.0
star n=15 p=3 v=842:  M=    152.6  share=7.60e-04  P_feas=1.0000  eta=1.0000  gap=0.7993  [5200s]
worker 4 done, 123.9 min
