worker 6/7: 17 configs
test_PO_bits_9_vseed_342_layers_1_etareq_0.5.txt [star] exists, skipping
...breaking at iteration 1769 out of 3000 (best cost improved by 0.000e+00 < 1.0e-08 over the last 300 steps)
Etas: req = 0.5 	 gua = 0.5 	 eff_ex = 0.75
L1   n= 9 p=1 v=642:  M=    555.8  share=2.31e-04  P_feas=1.0000  eta=0.7500  gap=1.0461  [265s]
test_PO_bits_12_vseed_42_layers_1_etareq_0.5.txt [star] exists, skipping
test_PO_bits_12_vseed_342_layers_1_etareq_0.5.txt [L1] exists, skipping
...breaking at iteration 1359 out of 3000 (best cost improved by 0.000e+00 < 1.0e-08 over the last 300 steps)
Etas: req = 0.5 	 gua = 0.5 	 eff_ex = 0.591
star n=12 p=1 v=742:  M=    142.2  share=7.37e-04  P_feas=0.5915  eta=0.5915  gap=0.9551  [436s]
test_PO_bits_9_vseed_42_layers_2_etareq_0.5.txt [L1] exists, skipping
test_PO_bits_9_vseed_442_layers_2_etareq_0.5.txt [star] exists, skipping
...breaking at iteration 1519 out of 3000 (best cost improved by 0.000e+00 < 1.0e-08 over the last 300 steps)
...breaking at iteration 869 out of 3000 (best cost improved by 0.000e+00 < 1.0e-08 over the last 300 steps)
Etas: req = 0.5 	 gua = 0.5 	 eff_ex = 1.0
L1   n= 9 p=2 v=742:  M=    158.1  share=6.63e-04  P_feas=1.0000  eta=1.0000  gap=0.5481  [392s]
test_PO_bits_12_vseed_142_layers_2_etareq_0.5.txt [star] exists, skipping
test_PO_bits_12_vseed_442_layers_2_etareq_0.5.txt [L1] exists, skipping
...breaking at iteration 1409 out of 3000 (best cost improved by 0.000e+00 < 1.0e-08 over the last 300 steps)
...breaking at iteration 2289 out of 3000 (best cost improved by 0.000e+00 < 1.0e-08 over the last 300 steps)
Etas: req = 0.5 	 gua = 0.5 	 eff_ex = 1.0
star n=12 p=2 v=842:  M=    122.7  share=6.37e-04  P_feas=1.0000  eta=1.0000  gap=0.7157  [1418s]
test_PO_bits_9_vseed_142_layers_3_etareq_0.5.txt [L1] exists, skipping
...breaking at iteration 1749 out of 3000 (best cost improved by 0.000e+00 < 1.0e-08 over the last 300 steps)
...breaking at iteration 829 out of 3000 (best cost improved by 9.765e-09 < 1.0e-08 over the last 300 steps)
...breaking at iteration 659 out of 3000 (best cost improved by 1.960e-09 < 1.0e-08 over the last 300 steps)
Etas: req = 0.5 	 gua = 0.5 	 eff_ex = 0.75
star n= 9 p=3 v=542:  M=    18.47  share=1.09e-03  P_feas=1.0000  eta=0.7499  gap=0.7988  [290s]
...breaking at iteration 1479 out of 3000 (best cost improved by 0.000e+00 < 1.0e-08 over the last 300 steps)
...breaking at iteration 749 out of 3000 (best cost improved by 5.701e-09 < 1.0e-08 over the last 300 steps)
...breaking at iteration 699 out of 3000 (best cost improved by 0.000e+00 < 1.0e-08 over the last 300 steps)
Etas: req = 0.5 	 gua = 0.5 	 eff_ex = 1.0
L1   n= 9 p=3 v=842:  M=    209.3  share=1.70e-04  P_feas=1.0000  eta=1.0000  gap=0.5495  [262s]
test_PO_bits_12_vseed_242_layers_3_etareq_0.5.txt [star] exists, skipping
...breaking at iteration 1379 out of 3000 (best cost improved by 0.000e+00 < 1.0e-08 over the last 300 steps)
...breaking at iteration 1029 out of 3000 (best cost improved by 0.000e+00 < 1.0e-08 over the last 300 steps)
...breaking at iteration 1129 out of 3000 (best cost improved by 0.000e+00 < 1.0e-08 over the last 300 steps)
Etas: req = 0.5 	 gua = 0.5 	 eff_ex = 1.0
L1   n=12 p=3 v=542:  M=    389.5  share=9.04e-05  P_feas=1.0000  eta=1.0000  gap=0.2964  [1135s]
...breaking at iteration 1609 out of 3000 (best cost improved by 0.000e+00 < 1.0e-08 over the last 300 steps)
...breaking at iteration 1759 out of 3000 (best cost improved by 0.000e+00 < 1.0e-08 over the last 300 steps)
...breaking at iteration 739 out of 3000 (best cost improved by 0.000e+00 < 1.0e-08 over the last 300 steps)
Etas: req = 0.5 	 gua = 0.5 	 eff_ex = 1.0
star n=12 p=3 v=942:  M=    155.8  share=8.10e-04  P_feas=1.0000  eta=1.0000  gap=0.8300  [1128s]
worker 6 done, 88.8 min
