cells [(12, 3)]  worker 1/3: 3 configs
L1_n12_p3_v42_s7.pkl has no circuit_params -- recomputing
...breaking at iteration 1699 out of 3000 (best cost improved by 0.000e+00 < 1.0e-08 over the last 300 steps)
...breaking at iteration 1189 out of 3000 (best cost improved by 0.000e+00 < 1.0e-08 over the last 300 steps)
...breaking at iteration 829 out of 3000 (best cost improved by 0.000e+00 < 1.0e-08 over the last 300 steps)
Etas: req = 0.5 	 gua = 0.5 	 eff_ex = 1.0
L1   v= 42 s=    7:  AR=0.5097 (blind 0.4302)  cost=-1.74966827  eta=1.0000  [1915s]
star_n12_p3_v242_s7.pkl has no circuit_params -- recomputing
...breaking at iteration 2039 out of 3000 (best cost improved by 0.000e+00 < 1.0e-08 over the last 300 steps)
...breaking at iteration 1109 out of 3000 (best cost improved by 0.000e+00 < 1.0e-08 over the last 300 steps)
...breaking at iteration 1169 out of 3000 (best cost improved by 0.000e+00 < 1.0e-08 over the last 300 steps)
Etas: req = 0.5 	 gua = 0.5 	 eff_ex = 1.0
star v=242 s=    7:  AR=0.5290 (blind 0.4443)  cost=-1.75027766  eta=0.9999  [2136s]
L1_n12_p3_v342_s7.pkl has no circuit_params -- recomputing
...breaking at iteration 1449 out of 3000 (best cost improved by 0.000e+00 < 1.0e-08 over the last 300 steps)
...breaking at iteration 2279 out of 3000 (best cost improved by 0.000e+00 < 1.0e-08 over the last 300 steps)
...breaking at iteration 969 out of 3000 (best cost improved by 0.000e+00 < 1.0e-08 over the last 300 steps)
Etas: req = 0.5 	 gua = 0.5 	 eff_ex = 0.457
L1   v=342 s=    7:  AR=0.4676 (blind 0.6665)  cost=-1.74997907  eta=0.4567  [2234s]
worker 1 done
